[20112:20000:0527/201743.153:WARNING:chrome_main_delegate.cc(745)] This is Chrome version 128.0.6613.138 (not a warning)
[20112:21380:0527/201743.190:ERROR:google_update_settings.cc(265)] Failed opening key Software\Chromium to set usagestats; result: 5
[20112:20000:0527/201743.210:WARNING:account_consistency_mode_manager.cc(77)] Desktop Identity Consistency cannot be enabled as no OAuth client ID and client secret have been configured.
[20112:20000:0527/201748.696:ERROR:device_event_log_impl.cc(196)] [20:17:48.370] USB: usb_service_win.cc:105 SetupDiGetDeviceProperty({{A45C254E-DF1C-4EFD-8020-67D146A850E0}, 6}) failed: Eleman bulunamadı. (0x490)
[18880:21940:0527/201751.363:WARNING:frame_impl.cc(430)] virtual CefFrameImpl::SendProcessMessage sent to detached frame 5-ED4065EE00A392F3B2728AAE6414ED22 will be ignored
[20112:20244:0527/201751.620:ERROR:cast_crl.cc(443)] CRL - Verification failed.
[9544:9248:0527/212758.443:VERBOSE1:video_capture_oracle.cc(91)] Capture size auto-throttling is now enabled.
[9544:9248:0527/212758.443:VERBOSE1:video_capture_oracle.cc(120)] Capture size auto-throttling is now disabled.
[9544:9248:0527/212758.443:VERBOSE1:capture_resolution_chooser.cc(205)] Recomputed snapped frame sizes: 1x1
[9544:9248:0527/212758.443:VERBOSE1:capture_resolution_chooser.cc(157)] Recomputed capture size from 640x360 to 1x1 (100% of ideal size)
[9544:9248:0527/212758.569:VERBOSE1:capture_resolution_chooser.cc(205)] Recomputed snapped frame sizes: 1x1
[9544:9248:0527/212758.654:VERBOSE1:capture_resolution_chooser.cc(205)] Recomputed snapped frame sizes: 1x1
[9544:9248:0527/212758.776:VERBOSE1:capture_resolution_chooser.cc(205)] Recomputed snapped frame sizes: 2560x1336
[9544:9248:0527/212758.776:VERBOSE1:capture_resolution_chooser.cc(157)] Recomputed capture size from 1x1 to 2560x1336 (100% of ideal size)
[9544:9248:0527/212759.898:VERBOSE1:video_capture_oracle.cc(91)] Capture size auto-throttling is now enabled.
[9544:9248:0527/212759.898:VERBOSE1:video_capture_oracle.cc(120)] Capture size auto-throttling is now disabled.
[9544:9248:0527/212759.898:VERBOSE1:capture_resolution_chooser.cc(205)] Recomputed snapped frame sizes: 2560x1336
[9544:9248:0527/212759.898:VERBOSE1:capture_resolution_chooser.cc(157)] Recomputed capture size from 640x360 to 2560x1336 (100% of ideal size)
[6716:9024:0527/212759.899:WARNING:frame_impl.cc(430)] virtual CefFrameImpl::SendProcessMessage sent to detached frame 9-1863788424DB63DE5EE5400FE368B0CB will be ignored
[9544:9248:0527/212800.784:VERBOSE1:capture_resolution_chooser.cc(205)] Recomputed snapped frame sizes: 2560x1336
[9544:9248:0527/212808.619:VERBOSE1:video_capture_oracle.cc(250)] Client rejects proposal to capture frame (at #94).
[9544:9248:0527/212808.661:VERBOSE1:video_capture_oracle.cc(250)] Client rejects proposal to capture frame (at #94).
[9544:9248:0527/212811.022:VERBOSE1:video_capture_oracle.cc(250)] Client rejects proposal to capture frame (at #109).
[9544:9248:0527/212811.038:VERBOSE1:video_capture_oracle.cc(250)] Client rejects proposal to capture frame (at #109).
[9544:9248:0527/212811.085:VERBOSE1:video_capture_oracle.cc(250)] Client rejects proposal to capture frame (at #111).
[9544:9248:0527/212811.101:VERBOSE1:video_capture_oracle.cc(250)] Client rejects proposal to capture frame (at #111).
[9544:9248:0527/212811.117:VERBOSE1:video_capture_oracle.cc(250)] Client rejects proposal to capture frame (at #111).
[9544:9248:0527/212811.133:VERBOSE1:video_capture_oracle.cc(250)] Client rejects proposal to capture frame (at #111).
[9544:9248:0527/212811.148:VERBOSE1:video_capture_oracle.cc(250)] Client rejects proposal to capture frame (at #111).
[9544:9248:0527/212811.179:VERBOSE1:video_capture_oracle.cc(250)] Client rejects proposal to capture frame (at #111).
[9544:9248:0527/212811.183:VERBOSE1:video_capture_oracle.cc(250)] Client rejects proposal to capture frame (at #111).
[9544:9248:0527/212811.209:VERBOSE1:video_capture_oracle.cc(250)] Client rejects proposal to capture frame (at #111).
[9544:9248:0527/212811.225:VERBOSE1:video_capture_oracle.cc(250)] Client rejects proposal to capture frame (at #111).
[9544:9248:0527/212811.342:VERBOSE1:video_capture_oracle.cc(250)] Client rejects proposal to capture frame (at #111).
[9544:9248:0527/212813.301:VERBOSE1:video_capture_oracle.cc(250)] Client rejects proposal to capture frame (at #124).
[9544:9248:0527/212813.317:VERBOSE1:video_capture_oracle.cc(250)] Client rejects proposal to capture frame (at #124).
[9544:9248:0527/212813.333:VERBOSE1:video_capture_oracle.cc(250)] Client rejects proposal to capture frame (at #124).
[9544:9248:0527/212813.349:VERBOSE1:video_capture_oracle.cc(250)] Client rejects proposal to capture frame (at #124).
[9544:9248:0527/212813.411:VERBOSE1:video_capture_oracle.cc(250)] Client rejects proposal to capture frame (at #126).
[9544:9248:0527/212813.427:VERBOSE1:video_capture_oracle.cc(250)] Client rejects proposal to capture frame (at #126).
[9544:9248:0527/212813.434:VERBOSE1:video_capture_oracle.cc(250)] Client rejects proposal to capture frame (at #126).
[9544:9248:0527/212813.459:VERBOSE1:video_capture_oracle.cc(250)] Client rejects proposal to capture frame (at #126).
[9544:9248:0527/212813.599:VERBOSE1:video_capture_oracle.cc(250)] Client rejects proposal to capture frame (at #126).
[9544:9248:0527/212823.874:VERBOSE1:video_capture_oracle.cc(250)] Client rejects proposal to capture frame (at #265).
[9544:9248:0527/212823.891:VERBOSE1:video_capture_oracle.cc(250)] Client rejects proposal to capture frame (at #265).
[9544:9248:0527/212823.906:VERBOSE1:video_capture_oracle.cc(250)] Client rejects proposal to capture frame (at #265).
[9544:9248:0527/212823.921:VERBOSE1:video_capture_oracle.cc(250)] Client rejects proposal to capture frame (at #265).
[9544:9248:0527/212823.937:VERBOSE1:video_capture_oracle.cc(250)] Client rejects proposal to capture frame (at #265).
[9544:9248:0527/212823.952:VERBOSE1:video_capture_oracle.cc(250)] Client rejects proposal to capture frame (at #265).
[9544:9248:0527/212825.331:VERBOSE1:video_capture_oracle.cc(250)] Client rejects proposal to capture frame (at #275).
[9544:9248:0527/212825.400:VERBOSE1:video_capture_oracle.cc(250)] Client rejects proposal to capture frame (at #278).
[9544:9248:0527/212825.448:VERBOSE1:video_capture_oracle.cc(250)] Client rejects proposal to capture frame (at #280).
[9544:9248:0527/212825.465:VERBOSE1:video_capture_oracle.cc(250)] Client rejects proposal to capture frame (at #280).
[9544:9248:0527/212825.586:VERBOSE1:video_capture_oracle.cc(250)] Client rejects proposal to capture frame (at #284).
[9544:9248:0527/212825.605:VERBOSE1:video_capture_oracle.cc(250)] Client rejects proposal to capture frame (at #284).
[9544:9248:0527/212842.762:VERBOSE1:video_capture_oracle.cc(250)] Client rejects proposal to capture frame (at #678).
[9544:9248:0527/212842.824:VERBOSE1:video_capture_oracle.cc(250)] Client rejects proposal to capture frame (at #681).
[9544:9248:0527/212842.870:VERBOSE1:video_capture_oracle.cc(250)] Client rejects proposal to capture frame (at #683).
[9544:9248:0527/212842.897:VERBOSE1:video_capture_oracle.cc(250)] Client rejects proposal to capture frame (at #683).
[9544:9248:0527/212842.897:VERBOSE1:video_capture_oracle.cc(250)] Client rejects proposal to capture frame (at #683).
[9544:9248:0527/212842.971:VERBOSE1:video_capture_oracle.cc(250)] Client rejects proposal to capture frame (at #686).
[9544:9248:0527/212846.983:VERBOSE1:video_capture_oracle.cc(250)] Client rejects proposal to capture frame (at #729).
[9544:9248:0527/212847.116:VERBOSE1:video_capture_oracle.cc(250)] Client rejects proposal to capture frame (at #735).
[9544:9248:0527/212847.134:VERBOSE1:video_capture_oracle.cc(250)] Client rejects proposal to capture frame (at #735).
[9544:9248:0527/212847.198:VERBOSE1:video_capture_oracle.cc(250)] Client rejects proposal to capture frame (at #738).
[9544:9248:0527/212847.215:VERBOSE1:video_capture_oracle.cc(250)] Client rejects proposal to capture frame (at #738).
[9544:9248:0527/212847.283:VERBOSE1:video_capture_oracle.cc(250)] Client rejects proposal to capture frame (at #741).
[9544:9248:0527/212847.332:VERBOSE1:video_capture_oracle.cc(250)] Client rejects proposal to capture frame (at #743).
[9544:9248:0527/212847.349:VERBOSE1:video_capture_oracle.cc(250)] Client rejects proposal to capture frame (at #743).
[9544:9248:0527/212847.416:VERBOSE1:video_capture_oracle.cc(250)] Client rejects proposal to capture frame (at #746).
[9544:9248:0527/212847.433:VERBOSE1:video_capture_oracle.cc(250)] Client rejects proposal to capture frame (at #746).
[9544:9248:0527/212847.482:VERBOSE1:video_capture_oracle.cc(250)] Client rejects proposal to capture frame (at #748).
[9544:9248:0527/212847.499:VERBOSE1:video_capture_oracle.cc(250)] Client rejects proposal to capture frame (at #748).
[9544:9248:0527/212847.548:VERBOSE1:video_capture_oracle.cc(250)] Client rejects proposal to capture frame (at #750).
[9544:9248:0527/212847.566:VERBOSE1:video_capture_oracle.cc(250)] Client rejects proposal to capture frame (at #750).
[9544:9248:0527/212848.149:VERBOSE1:video_capture_oracle.cc(250)] Client rejects proposal to capture frame (at #771).
[9544:9248:0527/212848.216:VERBOSE1:video_capture_oracle.cc(250)] Client rejects proposal to capture frame (at #774).
[9544:9248:0527/212848.231:VERBOSE1:video_capture_oracle.cc(250)] Client rejects proposal to capture frame (at #774).
[9544:9248:0527/212848.282:VERBOSE1:video_capture_oracle.cc(250)] Client rejects proposal to capture frame (at #776).
[9544:9248:0527/212848.298:VERBOSE1:video_capture_oracle.cc(250)] Client rejects proposal to capture frame (at #776).
[9544:9248:0527/212936.496:VERBOSE1:video_capture_oracle.cc(250)] Client rejects proposal to capture frame (at #1577).
