[7328:18580:0527/213631.582:WARNING:chrome_main_delegate.cc(745)] This is Chrome version 128.0.6613.138 (not a warning)
[7328:3252:0527/213631.678:ERROR:google_update_settings.cc(265)] Failed opening key Software\Chromium to set usagestats; result: 5
[7328:18580:0527/213631.739:WARNING:account_consistency_mode_manager.cc(77)] Desktop Identity Consistency cannot be enabled as no OAuth client ID and client secret have been configured.
[16216:13732:0527/213637.017:WARNING:frame_impl.cc(430)] virtual CefFrameImpl::SendProcessMessage sent to detached frame 5-0E664FDE4669FB601EA31766DDFFA4AF will be ignored
[7328:18580:0527/213637.342:ERROR:device_event_log_impl.cc(196)] [21:36:37.016] USB: usb_service_win.cc:105 SetupDiGetDeviceProperty({{A45C254E-DF1C-4EFD-8020-67D146A850E0}, 6}) failed: Eleman bulunamadı. (0x490)
[19868:2428:0527/213638.675:WARNING:frame_impl.cc(430)] virtual CefFrameImpl::SendProcessMessage sent to detached frame 6-D49C06C72508E6EE8BC2A988888024EE will be ignored
[7328:7860:0527/213638.937:ERROR:cast_crl.cc(443)] CRL - Verification failed.
[7076:10180:0527/214010.283:ERROR:ssl_client_socket_impl.cc(882)] handshake failed; returned -1, SSL error code 1, net_error -100
[7076:10180:0527/214010.378:ERROR:ssl_client_socket_impl.cc(882)] handshake failed; returned -1, SSL error code 1, net_error -100
[7328:7860:0527/215349.158:ERROR:cast_crl.cc(443)] CRL - Verification failed.
[18124:12056:0527/220548.973:VERBOSE1:video_capture_oracle.cc(250)] Client rejects proposal to capture frame (at #121).
[18124:12056:0527/220549.031:VERBOSE1:video_capture_oracle.cc(250)] Client rejects proposal to capture frame (at #123).
[18124:12056:0527/220549.044:VERBOSE1:video_capture_oracle.cc(250)] Client rejects proposal to capture frame (at #123).
[18124:12056:0527/220549.091:VERBOSE1:video_capture_oracle.cc(250)] Client rejects proposal to capture frame (at #125).
[18124:12056:0527/220549.111:VERBOSE1:video_capture_oracle.cc(250)] Client rejects proposal to capture frame (at #125).
[18124:12056:0527/220549.176:VERBOSE1:video_capture_oracle.cc(250)] Client rejects proposal to capture frame (at #128).
[18124:12056:0527/220557.623:VERBOSE1:video_capture_oracle.cc(250)] Client rejects proposal to capture frame (at #343).
[18124:12056:0527/220557.640:VERBOSE1:video_capture_oracle.cc(250)] Client rejects proposal to capture frame (at #343).
[18124:12056:0527/220558.057:VERBOSE1:video_capture_oracle.cc(250)] Client rejects proposal to capture frame (at #356).
[18124:12056:0527/220558.075:VERBOSE1:video_capture_oracle.cc(250)] Client rejects proposal to capture frame (at #356).
[18124:12056:0527/220627.188:VERBOSE1:video_capture_oracle.cc(250)] Client rejects proposal to capture frame (at #717).
[18124:12056:0527/220627.206:VERBOSE1:video_capture_oracle.cc(250)] Client rejects proposal to capture frame (at #717).
[18124:12056:0527/220627.222:VERBOSE1:video_capture_oracle.cc(250)] Client rejects proposal to capture frame (at #717).
[18124:12056:0527/220627.238:VERBOSE1:video_capture_oracle.cc(250)] Client rejects proposal to capture frame (at #717).
[18124:12056:0527/221259.437:VERBOSE1:video_capture_oracle.cc(91)] Capture size auto-throttling is now enabled.
[18124:12056:0527/221259.439:VERBOSE1:video_capture_oracle.cc(120)] Capture size auto-throttling is now disabled.
[18124:12056:0527/221259.439:VERBOSE1:capture_resolution_chooser.cc(205)] Recomputed snapped frame sizes: 1x1
[18124:12056:0527/221259.439:VERBOSE1:capture_resolution_chooser.cc(157)] Recomputed capture size from 640x360 to 1x1 (100% of ideal size)
[18124:12056:0527/221259.483:VERBOSE1:capture_resolution_chooser.cc(205)] Recomputed snapped frame sizes: 1x1
[18124:12056:0527/221259.556:VERBOSE1:capture_resolution_chooser.cc(205)] Recomputed snapped frame sizes: 2560x1336
[18124:12056:0527/221259.556:VERBOSE1:capture_resolution_chooser.cc(157)] Recomputed capture size from 1x1 to 2560x1336 (100% of ideal size)
[18124:12056:0527/221259.556:VERBOSE1:capture_resolution_chooser.cc(205)] Recomputed snapped frame sizes: 2560x1336
[18124:12056:0527/221302.580:VERBOSE1:video_capture_oracle.cc(91)] Capture size auto-throttling is now enabled.
[21208:18936:0527/221302.580:WARNING:frame_impl.cc(430)] virtual CefFrameImpl::SendProcessMessage sent to detached frame A-DFBEBC6F5960471D3A6BF8C71277AB92 will be ignored
[18124:12056:0527/221302.582:VERBOSE1:video_capture_oracle.cc(120)] Capture size auto-throttling is now disabled.
[18124:12056:0527/221302.582:VERBOSE1:capture_resolution_chooser.cc(205)] Recomputed snapped frame sizes: 2560x1336
[18124:12056:0527/221302.582:VERBOSE1:capture_resolution_chooser.cc(157)] Recomputed capture size from 640x360 to 2560x1336 (100% of ideal size)
[7076:10180:0527/221303.111:ERROR:ssl_client_socket_impl.cc(882)] handshake failed; returned -1, SSL error code 1, net_error -100
[18124:12056:0527/221303.130:VERBOSE1:capture_resolution_chooser.cc(205)] Recomputed snapped frame sizes: 2560x1336
[7076:10180:0527/221303.216:ERROR:ssl_client_socket_impl.cc(882)] handshake failed; returned -1, SSL error code 1, net_error -100
[18124:12056:0527/221304.221:VERBOSE1:video_capture_oracle.cc(250)] Client rejects proposal to capture frame (at #12).
[18124:12056:0527/221304.238:VERBOSE1:video_capture_oracle.cc(250)] Client rejects proposal to capture frame (at #12).
[18124:12056:0527/221304.284:VERBOSE1:video_capture_oracle.cc(250)] Client rejects proposal to capture frame (at #14).
[18124:12056:0527/221304.309:VERBOSE1:video_capture_oracle.cc(250)] Client rejects proposal to capture frame (at #14).
[18124:12056:0527/221304.392:VERBOSE1:video_capture_oracle.cc(250)] Client rejects proposal to capture frame (at #14).
[18124:12056:0527/221307.909:VERBOSE1:video_capture_oracle.cc(250)] Client rejects proposal to capture frame (at #31).
[18124:12056:0527/221308.126:VERBOSE1:video_capture_oracle.cc(250)] Client rejects proposal to capture frame (at #33).
[18124:12056:0527/221308.249:VERBOSE1:video_capture_oracle.cc(250)] Client rejects proposal to capture frame (at #33).
[18124:12056:0527/221310.187:VERBOSE1:video_capture_oracle.cc(250)] Client rejects proposal to capture frame (at #45).
[18124:12056:0527/221310.232:VERBOSE1:video_capture_oracle.cc(250)] Client rejects proposal to capture frame (at #45).
[18124:12056:0527/221341.131:VERBOSE1:video_capture_oracle.cc(250)] Client rejects proposal to capture frame (at #279).
[18124:12056:0527/221341.198:VERBOSE1:video_capture_oracle.cc(250)] Client rejects proposal to capture frame (at #282).
[18124:12056:0527/221341.265:VERBOSE1:video_capture_oracle.cc(250)] Client rejects proposal to capture frame (at #285).
[18124:12056:0527/221341.331:VERBOSE1:video_capture_oracle.cc(250)] Client rejects proposal to capture frame (at #288).
[18124:12056:0527/221341.347:VERBOSE1:video_capture_oracle.cc(250)] Client rejects proposal to capture frame (at #288).
[18124:12056:0527/221341.414:VERBOSE1:video_capture_oracle.cc(250)] Client rejects proposal to capture frame (at #291).
[18124:12056:0527/221341.481:VERBOSE1:video_capture_oracle.cc(250)] Client rejects proposal to capture frame (at #294).
[18124:12056:0527/221341.498:VERBOSE1:video_capture_oracle.cc(250)] Client rejects proposal to capture frame (at #294).
[18124:12056:0527/221341.564:VERBOSE1:video_capture_oracle.cc(250)] Client rejects proposal to capture frame (at #297).
[18124:12056:0527/221341.631:VERBOSE1:video_capture_oracle.cc(250)] Client rejects proposal to capture frame (at #300).
[18124:12056:0527/221347.629:VERBOSE1:video_capture_oracle.cc(250)] Client rejects proposal to capture frame (at #435).
[18124:12056:0527/221347.644:VERBOSE1:video_capture_oracle.cc(250)] Client rejects proposal to capture frame (at #435).
[18124:12056:0527/221347.659:VERBOSE1:video_capture_oracle.cc(250)] Client rejects proposal to capture frame (at #435).
[18124:12056:0527/221347.675:VERBOSE1:video_capture_oracle.cc(250)] Client rejects proposal to capture frame (at #435).
[18124:12056:0527/221347.690:VERBOSE1:video_capture_oracle.cc(250)] Client rejects proposal to capture frame (at #435).
[18124:12056:0527/221347.706:VERBOSE1:video_capture_oracle.cc(250)] Client rejects proposal to capture frame (at #435).
[18124:12056:0527/221350.119:VERBOSE1:video_capture_oracle.cc(250)] Client rejects proposal to capture frame (at #449).
[18124:12056:0527/221350.168:VERBOSE1:video_capture_oracle.cc(250)] Client rejects proposal to capture frame (at #451).
[18124:12056:0527/221350.186:VERBOSE1:video_capture_oracle.cc(250)] Client rejects proposal to capture frame (at #451).
[18124:12056:0527/221354.765:VERBOSE1:video_capture_oracle.cc(250)] Client rejects proposal to capture frame (at #491).
[18124:12056:0527/221354.817:VERBOSE1:video_capture_oracle.cc(250)] Client rejects proposal to capture frame (at #493).
[18124:12056:0527/221354.846:VERBOSE1:video_capture_oracle.cc(250)] Client rejects proposal to capture frame (at #493).
[18124:12056:0527/221354.880:VERBOSE1:video_capture_oracle.cc(250)] Client rejects proposal to capture frame (at #495).
[18124:12056:0527/221354.897:VERBOSE1:video_capture_oracle.cc(250)] Client rejects proposal to capture frame (at #495).
[18124:12056:0527/221354.919:VERBOSE1:video_capture_oracle.cc(250)] Client rejects proposal to capture frame (at #495).
[18124:12056:0527/221354.964:VERBOSE1:video_capture_oracle.cc(250)] Client rejects proposal to capture frame (at #497).
[18124:12056:0527/221354.981:VERBOSE1:video_capture_oracle.cc(250)] Client rejects proposal to capture frame (at #497).
[18124:12056:0527/221608.974:VERBOSE1:video_capture_oracle.cc(250)] Client rejects proposal to capture frame (at #768).
[18124:12056:0527/221608.993:VERBOSE1:video_capture_oracle.cc(250)] Client rejects proposal to capture frame (at #768).
[18124:12056:0527/221609.058:VERBOSE1:video_capture_oracle.cc(250)] Client rejects proposal to capture frame (at #771).
[18124:12056:0527/221609.075:VERBOSE1:video_capture_oracle.cc(250)] Client rejects proposal to capture frame (at #771).
[18124:12056:0527/221609.125:VERBOSE1:video_capture_oracle.cc(250)] Client rejects proposal to capture frame (at #773).
[18124:12056:0527/221609.142:VERBOSE1:video_capture_oracle.cc(250)] Client rejects proposal to capture frame (at #773).
[18124:12056:0527/221609.191:VERBOSE1:video_capture_oracle.cc(250)] Client rejects proposal to capture frame (at #775).
[18124:12056:0527/221609.208:VERBOSE1:video_capture_oracle.cc(250)] Client rejects proposal to capture frame (at #775).
[18124:12056:0527/221609.430:VERBOSE1:video_capture_oracle.cc(250)] Client rejects proposal to capture frame (at #782).
[18124:12056:0527/221609.497:VERBOSE1:video_capture_oracle.cc(250)] Client rejects proposal to capture frame (at #785).
[18124:12056:0527/221609.511:VERBOSE1:video_capture_oracle.cc(250)] Client rejects proposal to capture frame (at #785).
[18124:12056:0527/221609.563:VERBOSE1:video_capture_oracle.cc(250)] Client rejects proposal to capture frame (at #787).
[18124:12056:0527/221609.581:VERBOSE1:video_capture_oracle.cc(250)] Client rejects proposal to capture frame (at #787).
[18124:12056:0527/221609.630:VERBOSE1:video_capture_oracle.cc(250)] Client rejects proposal to capture frame (at #789).
[18124:12056:0527/221609.649:VERBOSE1:video_capture_oracle.cc(250)] Client rejects proposal to capture frame (at #789).
[18124:12056:0527/221609.699:VERBOSE1:video_capture_oracle.cc(250)] Client rejects proposal to capture frame (at #791).
[18124:12056:0527/221609.715:VERBOSE1:video_capture_oracle.cc(250)] Client rejects proposal to capture frame (at #791).
[18124:12056:0527/221609.730:VERBOSE1:video_capture_oracle.cc(250)] Client rejects proposal to capture frame (at #791).
[18124:12056:0527/221609.780:VERBOSE1:video_capture_oracle.cc(250)] Client rejects proposal to capture frame (at #793).
[18124:12056:0527/221609.799:VERBOSE1:video_capture_oracle.cc(250)] Client rejects proposal to capture frame (at #793).
[18124:12056:0527/221610.141:VERBOSE1:video_capture_oracle.cc(250)] Client rejects proposal to capture frame (at #808).
[18124:12056:0527/221610.646:VERBOSE1:video_capture_oracle.cc(250)] Client rejects proposal to capture frame (at #828).
[18124:12056:0527/221610.661:VERBOSE1:video_capture_oracle.cc(250)] Client rejects proposal to capture frame (at #828).
[18124:12056:0527/221610.730:VERBOSE1:video_capture_oracle.cc(250)] Client rejects proposal to capture frame (at #831).
[18124:12056:0527/221611.241:VERBOSE1:video_capture_oracle.cc(250)] Client rejects proposal to capture frame (at #852).
[18124:12056:0527/221611.308:VERBOSE1:video_capture_oracle.cc(250)] Client rejects proposal to capture frame (at #855).
[18124:12056:0527/221611.325:VERBOSE1:video_capture_oracle.cc(250)] Client rejects proposal to capture frame (at #855).
[18124:12056:0527/221611.395:VERBOSE1:video_capture_oracle.cc(250)] Client rejects proposal to capture frame (at #857).
